crumbling3 = {["version"] = 7, ["dimensions"] = Point( 8, 8 ), ["name"] = "crumbling3", ["enemy_kills"] = 0, 
["map"] = {{["loc"] = Point( 0, 3 ), ["terrain"] = 4, },
{["loc"] = Point( 0, 4 ), ["terrain"] = 4, },
{["loc"] = Point( 0, 5 ), ["terrain"] = 4, },
{["loc"] = Point( 1, 1 ), ["terrain"] = 1, ["populated"] = 1, ["health_max"] = 2, },
{["loc"] = Point( 1, 4 ), ["terrain"] = 4, },
{["loc"] = Point( 1, 7 ), ["terrain"] = 1, ["populated"] = 1, ["health_max"] = 2, },
{["loc"] = Point( 2, 7 ), ["terrain"] = 1, ["populated"] = 1, ["health_max"] = 2, },
{["loc"] = Point( 3, 2 ), ["terrain"] = 1, ["populated"] = 1, ["health_max"] = 2, },
{["loc"] = Point( 3, 3 ), ["terrain"] = 1, ["populated"] = 1, ["health_max"] = 2, },
{["loc"] = Point( 3, 5 ), ["terrain"] = 1, ["populated"] = 1, ["health_max"] = 2, },
{["loc"] = Point( 5, 6 ), ["terrain"] = 1, ["populated"] = 1, ["health_max"] = 2, },
{["loc"] = Point( 6, 2 ), ["terrain"] = 4, },
{["loc"] = Point( 6, 3 ), ["terrain"] = 4, },
{["loc"] = Point( 7, 1 ), ["terrain"] = 4, },
{["loc"] = Point( 7, 2 ), ["terrain"] = 4, },
{["loc"] = Point( 7, 3 ), ["terrain"] = 4, },
{["loc"] = Point( 7, 4 ), ["terrain"] = 4, },
},
["spawns"] = {},
["spawn_ids"] = {},
["spawn_points"] = {},
["zones"] = {},
["tags"] = {"generic", "crumbling", "Nautilus_tileset_id", },
["blocked_points"] = {},
["blocked_type"] = {},
}
