crumbling7 = {["version"] = 7, ["dimensions"] = Point( 8, 8 ), ["name"] = "crumbling7", ["enemy_kills"] = 0, 
["map"] = {{["loc"] = Point( 0, 5 ), ["terrain"] = 4, },
{["loc"] = Point( 0, 6 ), ["terrain"] = 4, },
{["loc"] = Point( 0, 7 ), ["terrain"] = 4, },
{["loc"] = Point( 1, 1 ), ["terrain"] = 1, ["populated"] = 1, ["health_max"] = 2, },
{["loc"] = Point( 1, 2 ), ["terrain"] = 1, ["populated"] = 1, ["health_max"] = 2, },
{["loc"] = Point( 1, 5 ), ["terrain"] = 4, },
{["loc"] = Point( 1, 6 ), ["terrain"] = 4, },
{["loc"] = Point( 1, 7 ), ["terrain"] = 4, },
{["loc"] = Point( 2, 1 ), ["terrain"] = 1, ["populated"] = 1, ["health_max"] = 2, },
{["loc"] = Point( 2, 2 ), ["terrain"] = 1, ["populated"] = 1, ["health_max"] = 2, },
{["loc"] = Point( 2, 6 ), ["terrain"] = 4, },
{["loc"] = Point( 2, 7 ), ["terrain"] = 4, },
{["loc"] = Point( 4, 3 ), ["terrain"] = 1, ["populated"] = 1, ["health_max"] = 2, },
{["loc"] = Point( 4, 4 ), ["terrain"] = 1, ["populated"] = 1, ["health_max"] = 2, },
{["loc"] = Point( 5, 6 ), ["terrain"] = 4, },
{["loc"] = Point( 5, 7 ), ["terrain"] = 4, },
{["loc"] = Point( 6, 6 ), ["terrain"] = 4, },
{["loc"] = Point( 6, 7 ), ["terrain"] = 4, },
{["loc"] = Point( 7, 5 ), ["terrain"] = 4, },
{["loc"] = Point( 7, 6 ), ["terrain"] = 4, },
{["loc"] = Point( 7, 7 ), ["terrain"] = 4, },
},
["spawns"] = {},
["spawn_ids"] = {},
["spawn_points"] = {},
["zones"] = {},
["tags"] = {"generic", "crumbling", "Nautilus_tileset_id", },
["blocked_points"] = {},
["blocked_type"] = {},
}
