crumbling6 = {["version"] = 7, ["dimensions"] = Point( 8, 8 ), ["name"] = "crumbling6", ["enemy_kills"] = 0, 
["map"] = {{["loc"] = Point( 0, 0 ), ["terrain"] = 4, },
{["loc"] = Point( 0, 1 ), ["terrain"] = 4, },
{["loc"] = Point( 0, 2 ), ["terrain"] = 1, ["populated"] = 1, ["health_max"] = 2, },
{["loc"] = Point( 0, 3 ), ["terrain"] = 4, },
{["loc"] = Point( 0, 4 ), ["terrain"] = 1, ["populated"] = 1, ["health_max"] = 2, },
{["loc"] = Point( 0, 5 ), ["terrain"] = 1, ["populated"] = 1, ["health_max"] = 2, },
{["loc"] = Point( 0, 6 ), ["terrain"] = 4, },
{["loc"] = Point( 0, 7 ), ["terrain"] = 4, },
{["loc"] = Point( 2, 2 ), ["terrain"] = 1, ["populated"] = 1, ["health_max"] = 2, },
{["loc"] = Point( 2, 5 ), ["terrain"] = 1, ["populated"] = 1, ["health_max"] = 2, },
{["loc"] = Point( 5, 2 ), ["terrain"] = 1, ["populated"] = 1, ["health_max"] = 2, },
{["loc"] = Point( 5, 5 ), ["terrain"] = 1, ["populated"] = 1, ["health_max"] = 2, },
},
["spawns"] = {},
["spawn_ids"] = {},
["spawn_points"] = {},
["zones"] = {},
["tags"] = {"generic", "crumbling", "Nautilus_tileset_id", },
["blocked_points"] = {},
["blocked_type"] = {},
}
