minecart3 = {["version"] = 7, ["dimensions"] = Point( 8, 8 ), ["name"] = "minecart3", ["enemy_kills"] = 0, 
["map"] = {{["loc"] = Point( 0, 0 ), ["terrain"] = 3, },
{["loc"] = Point( 0, 1 ), ["terrain"] = 3, },
{["loc"] = Point( 0, 2 ), ["terrain"] = 3, },
{["loc"] = Point( 1, 0 ), ["terrain"] = 3, },
{["loc"] = Point( 1, 1 ), ["terrain"] = 3, },
{["loc"] = Point( 1, 2 ), ["terrain"] = 1, ["populated"] = 1, ["health_max"] = 2, },
{["loc"] = Point( 1, 6 ), ["terrain"] = 1, ["populated"] = 1, ["health_max"] = 1, },
{["loc"] = Point( 1, 7 ), ["terrain"] = 4, },
{["loc"] = Point( 2, 0 ), ["terrain"] = 3, },
{["loc"] = Point( 2, 1 ), ["terrain"] = 3, },
{["loc"] = Point( 2, 2 ), ["terrain"] = 1, ["populated"] = 1, ["health_max"] = 1, },
{["loc"] = Point( 2, 6 ), ["terrain"] = 1, ["populated"] = 1, ["health_max"] = 2, },
{["loc"] = Point( 2, 7 ), ["terrain"] = 4, },
{["loc"] = Point( 3, 0 ), ["terrain"] = 0, ["custom"] = "ground_rail.png", },
{["loc"] = Point( 3, 1 ), ["terrain"] = 0, ["custom"] = "ground_rail.png", },
{["loc"] = Point( 3, 2 ), ["terrain"] = 0, ["custom"] = "ground_rail.png", },
{["loc"] = Point( 3, 3 ), ["terrain"] = 0, ["custom"] = "ground_rail.png", },
{["loc"] = Point( 3, 4 ), ["terrain"] = 0, ["custom"] = "ground_rail.png", },
{["loc"] = Point( 3, 5 ), ["terrain"] = 0, ["custom"] = "ground_rail.png", },
{["loc"] = Point( 3, 6 ), ["terrain"] = 0, ["custom"] = "ground_rail.png", },
{["loc"] = Point( 3, 7 ), ["terrain"] = 0, ["custom"] = "ground_rail.png", },
{["loc"] = Point( 4, 0 ), ["terrain"] = 3, },
{["loc"] = Point( 4, 6 ), ["terrain"] = 1, ["populated"] = 1, ["health_max"] = 1, },
{["loc"] = Point( 4, 7 ), ["terrain"] = 4, },
{["loc"] = Point( 5, 0 ), ["terrain"] = 0, ["custom"] = "ground_rail.png", },
{["loc"] = Point( 5, 1 ), ["terrain"] = 0, ["custom"] = "ground_rail.png", },
{["loc"] = Point( 5, 2 ), ["terrain"] = 0, ["custom"] = "ground_rail.png", },
{["loc"] = Point( 5, 3 ), ["terrain"] = 0, ["custom"] = "ground_rail.png", },
{["loc"] = Point( 5, 4 ), ["terrain"] = 0, ["custom"] = "ground_rail.png", },
{["loc"] = Point( 5, 5 ), ["terrain"] = 0, ["custom"] = "ground_rail.png", },
{["loc"] = Point( 5, 6 ), ["terrain"] = 0, ["custom"] = "ground_rail.png", },
{["loc"] = Point( 5, 7 ), ["terrain"] = 0, ["custom"] = "ground_rail.png", },
{["loc"] = Point( 6, 0 ), ["terrain"] = 3, },
{["loc"] = Point( 6, 1 ), ["terrain"] = 3, },
{["loc"] = Point( 6, 6 ), ["terrain"] = 1, ["populated"] = 1, ["health_max"] = 2, },
{["loc"] = Point( 6, 7 ), ["terrain"] = 4, },
{["loc"] = Point( 7, 0 ), ["terrain"] = 3, },
{["loc"] = Point( 7, 6 ), ["terrain"] = 4, },
{["loc"] = Point( 7, 7 ), ["terrain"] = 4, },
},
["spawns"] = {},
["spawn_ids"] = {},
["spawn_points"] = {},
["zones"] = {},
["tags"] = {"minecart", },
["blocked_points"] = {},
["blocked_type"] = {},
}
